Running no-lag, k_2=-1.0 ...
  k_2=-1.0: DIVERGED at step 315
Running no-lag, k_2=-0.5 ...
  k_2=-0.5: DIVERGED at step 633
Running no-lag, k_2=0.0 ...
Running no-lag, k_2=0.5 ...
Running no-lag, k_2=1.0 ...
Running no-lag, k_2=2.0 ...
Running no-lag, k_2=3.0 ...
Cached raw runs -> logs/ablation_k2/raw_runs.pkl
Saved: logs/ablation_k2/zmp_error_x_vs_k2.png
Saved: logs/ablation_k2/zmp_error_y_vs_k2.png
Saved: logs/ablation_k2/zmp_error_z_vs_k2.png
Saved: logs/ablation_k2/com_error_x_vs_k2.png
Saved: logs/ablation_k2/com_error_y_vs_k2.png
Saved: logs/ablation_k2/com_error_z_vs_k2.png
Saved: logs/ablation_k2/waist_roll_vs_k2.png
Saved: logs/ablation_k2/waist_pitch_vs_k2.png
Saved: logs/ablation_k2/vertical_force_vs_k2.png
Done.
